
> video-streaming@1.0.0 start
> node server.js

Server listening on port 4000
Connected to MongoDB
[0mGET /classes/986-552-971 [32m200[0m 63.295 ms - 1234[0m
[0mGET / [32m200[0m 7.228 ms - 1408[0m
[0mGET /class/986-552-971?token=986-552-971 [36m304[0m 10.849 ms - -[0m
[0mGET /public/css/style.css [36m304[0m 4.526 ms - -[0m
[0mGET /public/js/meetingAutoJoin.js [36m304[0m 3.273 ms - -[0m
[0mGET /public/js/class.js [32m200[0m 1.959 ms - 268311[0m
[0mGET /classes/986-552-971 [36m304[0m 68.965 ms - -[0m
[0mGET /auth/me [36m304[0m 64.041 ms - -[0m
[0mGET /favicon.ico [33m404[0m 2.181 ms - 150[0m
[0mGET /chat/986-552-971 [36m304[0m 62.019 ms - -[0m
[0mGET /classes/986-552-971 [36m304[0m 57.372 ms - -[0m
[0mGET / [36m302[0m 38.257 ms - 39[0m
[0mGET /dashboard [36m304[0m 30.200 ms - -[0m
[0mGET /public/css/style.css [36m304[0m 0.955 ms - -[0m
[0mGET /public/js/developerPanel.js [36m304[0m 0.978 ms - -[0m
[0mGET /public/js/dashboard.js [36m304[0m 0.481 ms - -[0m
[0mGET /auth/me [36m304[0m 60.616 ms - -[0m
[0mGET /classes/mine [32m200[0m 100.546 ms - 22619[0m
[0mGET /api/developer/summary [32m200[0m 92.339 ms - 4048[0m
[0mPOST /classes [32m201[0m 178.494 ms - 465[0m
[0mGET /classes/mine [32m200[0m 97.780 ms - 23679[0m
[0mPATCH /classes/195-600-714/start [32m200[0m 125.182 ms - 1129[0m
[0mGET /classes/mine [32m200[0m 99.315 ms - 23713[0m
[0mGET /class/195-600-714?token=195-600-714 [32m200[0m 3.223 ms - 30491[0m
[0mGET /public/css/style.css [36m304[0m 1.875 ms - -[0m
[0mGET /public/js/meetingAutoJoin.js [36m304[0m 0.598 ms - -[0m
[0mGET /public/js/class.js [36m304[0m 0.421 ms - -[0m
[0mGET /classes/195-600-714 [32m200[0m 62.077 ms - 903[0m
[0mGET /auth/me [36m304[0m 57.718 ms - -[0m
[0mGET /favicon.ico [33m404[0m 0.294 ms - 150[0m
[0mGET /chat/195-600-714 [32m200[0m 62.352 ms - 2[0m
[0mPOST /classes/195-600-714/recording/start [32m200[0m 94.315 ms - 143[0m
Upload job queued for class 195-600-714 (68e94cd1bc562e24b27db69e)
Processing upload job for class 195-600-714 (attempt 1/3)
S3 upload failed, falling back to local storage: Error: S3 client not configured
    at uploadToS3 (/Users/amansharma/Desktop/Kalp Experiments/video-streaming/app/services/uploadQueue.js:54:11)
    at processQueue (/Users/amansharma/Desktop/Kalp Experiments/video-streaming/app/services/uploadQueue.js:155:27)
    at queueUpload (/Users/amansharma/Desktop/Kalp Experiments/video-streaming/app/services/uploadQueue.js:117:5)
    at Object.stopRecording (/Users/amansharma/Desktop/Kalp Experiments/video-streaming/app/services/recordingService.js:164:13)
    at exports.stopRecording (/Users/amansharma/Desktop/Kalp Experiments/video-streaming/app/controllers/engagementController.js:378:43)
    at process.processTicksAndRejections (node:internal/process/task_queues:105:5)
Recording stopped and queued for upload: 195-600-714
Saved to local storage: /public/recordings/195-600-714/1760120027278.plain
Upload job completed for class 195-600-714
[0mPOST /classes/195-600-714/recording/stop [32m200[0m 102.934 ms - 351[0m
Class 195-600-714 updated with upload result
